[0.066s] DEBUG:colcon:Command line arguments: ['/usr/bin/colcon', 'build', '--packages-select', 'robot']
[0.066s] DEBUG:colcon:Parsed command line arguments: Namespace(log_base=None, log_level=None, verb_name='build', build_base='build', install_base='install', merge_install=False, symlink_install=False, test_result_base=None, continue_on_error=False, executor='parallel', parallel_workers=28, event_handlers=None, ignore_user_meta=False, metas=['./colcon.meta'], base_paths=['.'], packages_ignore=None, packages_ignore_regex=None, paths=None, packages_up_to=None, packages_up_to_regex=None, packages_above=None, packages_above_and_dependencies=None, packages_above_depth=None, packages_select_by_dep=None, packages_skip_by_dep=None, packages_skip_up_to=None, packages_select_build_failed=False, packages_skip_build_finished=False, packages_select_test_failures=False, packages_skip_test_passed=False, packages_select=['robot'], packages_skip=None, packages_select_regex=None, packages_skip_regex=None, packages_start=None, packages_end=None, allow_overriding=[], cmake_args=None, cmake_target=None, cmake_target_skip_unavailable=False, cmake_clean_cache=False, cmake_clean_first=False, cmake_force_configure=False, ament_cmake_args=None, catkin_cmake_args=None, catkin_skip_building_tests=False, verb_parser=<colcon_defaults.argument_parser.defaults.DefaultArgumentsDecorator object at 0x72f3dd174e80>, verb_extension=<colcon_core.verb.build.BuildVerb object at 0x72f3dd2822f0>, main=<bound method BuildVerb.main of <colcon_core.verb.build.BuildVerb object at 0x72f3dd2822f0>>)
[0.185s] Level 1:colcon.colcon_core.package_discovery:discover_packages(colcon_meta) check parameters
[0.185s] Level 1:colcon.colcon_core.package_discovery:discover_packages(recursive) check parameters
[0.185s] Level 1:colcon.colcon_core.package_discovery:discover_packages(ignore) check parameters
[0.185s] Level 1:colcon.colcon_core.package_discovery:discover_packages(path) check parameters
[0.185s] Level 1:colcon.colcon_core.package_discovery:discover_packages(colcon_meta) discover
[0.185s] Level 1:colcon.colcon_core.package_discovery:discover_packages(recursive) discover
[0.185s] INFO:colcon.colcon_core.package_discovery:Crawling recursively for packages in '/home/jiaming/Documents/CUHKLRL/unitree_sdk2_dev/ros2_ws'
[0.185s] Level 1:colcon.colcon_core.package_identification:_identify(.) by extensions ['ignore', 'ignore_ament_install']
[0.185s] Level 1:colcon.colcon_core.package_identification:_identify(.) by extension 'ignore'
[0.185s] Level 1:colcon.colcon_core.package_identification:_identify(.) by extension 'ignore_ament_install'
[0.185s] Level 1:colcon.colcon_core.package_identification:_identify(.) by extensions ['colcon_pkg']
[0.185s] Level 1:colcon.colcon_core.package_identification:_identify(.) by extension 'colcon_pkg'
[0.185s] Level 1:colcon.colcon_core.package_identification:_identify(.) by extensions ['colcon_meta']
[0.185s] Level 1:colcon.colcon_core.package_identification:_identify(.) by extension 'colcon_meta'
[0.185s] Level 1:colcon.colcon_core.package_identification:_identify(.) by extensions ['ros']
[0.185s] Level 1:colcon.colcon_core.package_identification:_identify(.) by extension 'ros'
[0.207s] Level 1:colcon.colcon_core.package_identification:_identify(.) by extensions ['cmake', 'python']
[0.207s] Level 1:colcon.colcon_core.package_identification:_identify(.) by extension 'cmake'
[0.207s] Level 1:colcon.colcon_core.package_identification:_identify(.) by extension 'python'
[0.207s] Level 1:colcon.colcon_core.package_identification:_identify(.) by extensions ['python_setup_py']
[0.207s] Level 1:colcon.colcon_core.package_identification:_identify(.) by extension 'python_setup_py'
[0.207s] Level 1:colcon.colcon_core.package_identification:_identify(build) by extensions ['ignore', 'ignore_ament_install']
[0.207s] Level 1:colcon.colcon_core.package_identification:_identify(build) by extension 'ignore'
[0.207s] Level 1:colcon.colcon_core.package_identification:_identify(build) ignored
[0.207s] Level 1:colcon.colcon_core.package_identification:_identify(install) by extensions ['ignore', 'ignore_ament_install']
[0.207s] Level 1:colcon.colcon_core.package_identification:_identify(install) by extension 'ignore'
[0.207s] Level 1:colcon.colcon_core.package_identification:_identify(install) ignored
[0.207s] Level 1:colcon.colcon_core.package_identification:_identify(log) by extensions ['ignore', 'ignore_ament_install']
[0.207s] Level 1:colcon.colcon_core.package_identification:_identify(log) by extension 'ignore'
[0.207s] Level 1:colcon.colcon_core.package_identification:_identify(log) ignored
[0.207s] Level 1:colcon.colcon_core.package_identification:_identify(src) by extensions ['ignore', 'ignore_ament_install']
[0.207s] Level 1:colcon.colcon_core.package_identification:_identify(src) by extension 'ignore'
[0.207s] Level 1:colcon.colcon_core.package_identification:_identify(src) by extension 'ignore_ament_install'
[0.207s] Level 1:colcon.colcon_core.package_identification:_identify(src) by extensions ['colcon_pkg']
[0.207s] Level 1:colcon.colcon_core.package_identification:_identify(src) by extension 'colcon_pkg'
[0.207s] Level 1:colcon.colcon_core.package_identification:_identify(src) by extensions ['colcon_meta']
[0.207s] Level 1:colcon.colcon_core.package_identification:_identify(src) by extension 'colcon_meta'
[0.207s] Level 1:colcon.colcon_core.package_identification:_identify(src) by extensions ['ros']
[0.207s] Level 1:colcon.colcon_core.package_identification:_identify(src) by extension 'ros'
[0.207s] Level 1:colcon.colcon_core.package_identification:_identify(src) by extensions ['cmake', 'python']
[0.207s] Level 1:colcon.colcon_core.package_identification:_identify(src) by extension 'cmake'
[0.207s] Level 1:colcon.colcon_core.package_identification:_identify(src) by extension 'python'
[0.207s] Level 1:colcon.colcon_core.package_identification:_identify(src) by extensions ['python_setup_py']
[0.207s] Level 1:colcon.colcon_core.package_identification:_identify(src) by extension 'python_setup_py'
[0.207s] Level 1:colcon.colcon_core.package_identification:_identify(src/robot) by extensions ['ignore', 'ignore_ament_install']
[0.208s] Level 1:colcon.colcon_core.package_identification:_identify(src/robot) by extension 'ignore'
[0.208s] Level 1:colcon.colcon_core.package_identification:_identify(src/robot) by extension 'ignore_ament_install'
[0.208s] Level 1:colcon.colcon_core.package_identification:_identify(src/robot) by extensions ['colcon_pkg']
[0.208s] Level 1:colcon.colcon_core.package_identification:_identify(src/robot) by extension 'colcon_pkg'
[0.208s] Level 1:colcon.colcon_core.package_identification:_identify(src/robot) by extensions ['colcon_meta']
[0.208s] Level 1:colcon.colcon_core.package_identification:_identify(src/robot) by extension 'colcon_meta'
[0.208s] Level 1:colcon.colcon_core.package_identification:_identify(src/robot) by extensions ['ros']
[0.208s] Level 1:colcon.colcon_core.package_identification:_identify(src/robot) by extension 'ros'
[0.209s] DEBUG:colcon.colcon_core.package_identification:Package 'src/robot' with type 'ros.ament_cmake' and name 'robot'
[0.209s] Level 1:colcon.colcon_core.package_identification:_identify(src/tutorial_interfaces) by extensions ['ignore', 'ignore_ament_install']
[0.209s] Level 1:colcon.colcon_core.package_identification:_identify(src/tutorial_interfaces) by extension 'ignore'
[0.209s] Level 1:colcon.colcon_core.package_identification:_identify(src/tutorial_interfaces) by extension 'ignore_ament_install'
[0.209s] Level 1:colcon.colcon_core.package_identification:_identify(src/tutorial_interfaces) by extensions ['colcon_pkg']
[0.209s] Level 1:colcon.colcon_core.package_identification:_identify(src/tutorial_interfaces) by extension 'colcon_pkg'
[0.210s] Level 1:colcon.colcon_core.package_identification:_identify(src/tutorial_interfaces) by extensions ['colcon_meta']
[0.210s] Level 1:colcon.colcon_core.package_identification:_identify(src/tutorial_interfaces) by extension 'colcon_meta'
[0.210s] Level 1:colcon.colcon_core.package_identification:_identify(src/tutorial_interfaces) by extensions ['ros']
[0.210s] Level 1:colcon.colcon_core.package_identification:_identify(src/tutorial_interfaces) by extension 'ros'
[0.210s] DEBUG:colcon.colcon_core.package_identification:Package 'src/tutorial_interfaces' with type 'ros.ament_cmake' and name 'tutorial_interfaces'
[0.210s] Level 1:colcon.colcon_core.package_discovery:discover_packages(recursive) using defaults
[0.210s] Level 1:colcon.colcon_core.package_discovery:discover_packages(ignore) discover
[0.210s] Level 1:colcon.colcon_core.package_discovery:discover_packages(ignore) using defaults
[0.210s] Level 1:colcon.colcon_core.package_discovery:discover_packages(path) discover
[0.210s] Level 1:colcon.colcon_core.package_discovery:discover_packages(path) using defaults
[0.222s] INFO:colcon.colcon_core.package_selection:Skipping not selected package 'tutorial_interfaces' in 'src/tutorial_interfaces'
[0.222s] Level 1:colcon.colcon_core.package_discovery:discover_packages(prefix_path) check parameters
[0.222s] Level 1:colcon.colcon_core.package_discovery:discover_packages(prefix_path) discover
[0.223s] WARNING:colcon.colcon_ros.prefix_path.ament:The path '/home/jiaming/Documents/CUHKLRL/unitree_sdk2_dev/ros2_ws/install/robot' in the environment variable AMENT_PREFIX_PATH doesn't exist
[0.223s] WARNING:colcon.colcon_ros.prefix_path.ament:The path '/home/jiaming/Documents/CUHKLRL/unitree_sdk2_dev/ros2_ws/install/tutorial_interfaces' in the environment variable AMENT_PREFIX_PATH doesn't exist
[0.223s] WARNING:colcon.colcon_ros.prefix_path.catkin:The path '/home/jiaming/Documents/CUHKLRL/unitree_sdk2_dev/ros2_ws/install/robot' in the environment variable CMAKE_PREFIX_PATH doesn't exist
[0.223s] WARNING:colcon.colcon_ros.prefix_path.catkin:The path '/home/jiaming/Documents/CUHKLRL/unitree_sdk2_dev/ros2_ws/install/tutorial_interfaces' in the environment variable CMAKE_PREFIX_PATH doesn't exist
[0.224s] DEBUG:colcon.colcon_installed_package_information.package_discovery:Found 0 installed packages in /home/jiaming/Documents/CUHKLRL/unitree_sdk2_dev/ros2_ws/install
[0.225s] DEBUG:colcon.colcon_installed_package_information.package_discovery:Found 342 installed packages in /opt/ros/humble
[0.226s] Level 1:colcon.colcon_core.package_discovery:discover_packages(prefix_path) using defaults
[0.249s] Level 5:colcon.colcon_core.verb:set package 'robot' build argument 'cmake_args' from command line to 'None'
[0.249s] Level 5:colcon.colcon_core.verb:set package 'robot' build argument 'cmake_target' from command line to 'None'
[0.249s] Level 5:colcon.colcon_core.verb:set package 'robot' build argument 'cmake_target_skip_unavailable' from command line to 'False'
[0.249s] Level 5:colcon.colcon_core.verb:set package 'robot' build argument 'cmake_clean_cache' from command line to 'False'
[0.249s] Level 5:colcon.colcon_core.verb:set package 'robot' build argument 'cmake_clean_first' from command line to 'False'
[0.249s] Level 5:colcon.colcon_core.verb:set package 'robot' build argument 'cmake_force_configure' from command line to 'False'
[0.249s] Level 5:colcon.colcon_core.verb:set package 'robot' build argument 'ament_cmake_args' from command line to 'None'
[0.249s] Level 5:colcon.colcon_core.verb:set package 'robot' build argument 'catkin_cmake_args' from command line to 'None'
[0.250s] Level 5:colcon.colcon_core.verb:set package 'robot' build argument 'catkin_skip_building_tests' from command line to 'False'
[0.250s] DEBUG:colcon.colcon_core.verb:Building package 'robot' with the following arguments: {'ament_cmake_args': None, 'build_base': '/home/jiaming/Documents/CUHKLRL/unitree_sdk2_dev/ros2_ws/build/robot', 'catkin_cmake_args': None, 'catkin_skip_building_tests': False, 'cmake_args': None, 'cmake_clean_cache': False, 'cmake_clean_first': False, 'cmake_force_configure': False, 'cmake_target': None, 'cmake_target_skip_unavailable': False, 'install_base': '/home/jiaming/Documents/CUHKLRL/unitree_sdk2_dev/ros2_ws/install/robot', 'merge_install': False, 'path': '/home/jiaming/Documents/CUHKLRL/unitree_sdk2_dev/ros2_ws/src/robot', 'symlink_install': False, 'test_result_base': None}
[0.250s] INFO:colcon.colcon_core.executor:Executing jobs using 'parallel' executor
[0.251s] DEBUG:colcon.colcon_parallel_executor.executor.parallel:run_until_complete
[0.251s] INFO:colcon.colcon_ros.task.ament_cmake.build:Building ROS package in '/home/jiaming/Documents/CUHKLRL/unitree_sdk2_dev/ros2_ws/src/robot' with build type 'ament_cmake'
[0.251s] INFO:colcon.colcon_cmake.task.cmake.build:Building CMake package in '/home/jiaming/Documents/CUHKLRL/unitree_sdk2_dev/ros2_ws/src/robot'
[0.252s] INFO:colcon.colcon_core.plugin_system:Skipping extension 'colcon_core.shell.bat': Not used on non-Windows systems
[0.252s] INFO:colcon.colcon_core.shell:Skip shell extension 'powershell' for command environment: Not usable outside of PowerShell
[0.252s] DEBUG:colcon.colcon_core.shell:Skip shell extension 'dsv' for command environment
[0.259s] DEBUG:colcon.colcon_core.event_handler.log_command:Invoking command in '/home/jiaming/Documents/CUHKLRL/unitree_sdk2_dev/ros2_ws/build/robot': CMAKE_PREFIX_PATH=${CMAKE_PREFIX_PATH}:/opt/ros/humble /usr/bin/cmake /home/jiaming/Documents/CUHKLRL/unitree_sdk2_dev/ros2_ws/src/robot -DCMAKE_INSTALL_PREFIX=/home/jiaming/Documents/CUHKLRL/unitree_sdk2_dev/ros2_ws/install/robot
[1.483s] DEBUG:colcon.colcon_core.event_handler.log_command:Invoked command in '/home/jiaming/Documents/CUHKLRL/unitree_sdk2_dev/ros2_ws/build/robot' returned '0': CMAKE_PREFIX_PATH=${CMAKE_PREFIX_PATH}:/opt/ros/humble /usr/bin/cmake /home/jiaming/Documents/CUHKLRL/unitree_sdk2_dev/ros2_ws/src/robot -DCMAKE_INSTALL_PREFIX=/home/jiaming/Documents/CUHKLRL/unitree_sdk2_dev/ros2_ws/install/robot
[1.485s] DEBUG:colcon.colcon_core.event_handler.log_command:Invoking command in '/home/jiaming/Documents/CUHKLRL/unitree_sdk2_dev/ros2_ws/build/robot': CMAKE_PREFIX_PATH=${CMAKE_PREFIX_PATH}:/opt/ros/humble /usr/bin/cmake --build /home/jiaming/Documents/CUHKLRL/unitree_sdk2_dev/ros2_ws/build/robot -- -j28 -l28
[2.659s] DEBUG:colcon.colcon_core.event_handler.log_command:Invoked command in '/home/jiaming/Documents/CUHKLRL/unitree_sdk2_dev/ros2_ws/build/robot' returned '0': CMAKE_PREFIX_PATH=${CMAKE_PREFIX_PATH}:/opt/ros/humble /usr/bin/cmake --build /home/jiaming/Documents/CUHKLRL/unitree_sdk2_dev/ros2_ws/build/robot -- -j28 -l28
[2.672s] DEBUG:colcon.colcon_core.event_handler.log_command:Invoking command in '/home/jiaming/Documents/CUHKLRL/unitree_sdk2_dev/ros2_ws/build/robot': CMAKE_PREFIX_PATH=${CMAKE_PREFIX_PATH}:/opt/ros/humble /usr/bin/cmake --install /home/jiaming/Documents/CUHKLRL/unitree_sdk2_dev/ros2_ws/build/robot
[2.726s] Level 1:colcon.colcon_core.environment:create_environment_scripts_only(robot)
[2.726s] DEBUG:colcon.colcon_core.event_handler.log_command:Invoked command in '/home/jiaming/Documents/CUHKLRL/unitree_sdk2_dev/ros2_ws/build/robot' returned '0': CMAKE_PREFIX_PATH=${CMAKE_PREFIX_PATH}:/opt/ros/humble /usr/bin/cmake --install /home/jiaming/Documents/CUHKLRL/unitree_sdk2_dev/ros2_ws/build/robot
[2.728s] Level 1:colcon.colcon_core.environment:checking '/home/jiaming/Documents/CUHKLRL/unitree_sdk2_dev/ros2_ws/install/robot' for CMake module files
[2.729s] Level 1:colcon.colcon_core.environment:checking '/home/jiaming/Documents/CUHKLRL/unitree_sdk2_dev/ros2_ws/install/robot' for CMake config files
[2.729s] Level 1:colcon.colcon_core.shell:create_environment_hook('robot', 'cmake_prefix_path')
[2.729s] INFO:colcon.colcon_core.shell:Creating environment hook '/home/jiaming/Documents/CUHKLRL/unitree_sdk2_dev/ros2_ws/install/robot/share/robot/hook/cmake_prefix_path.ps1'
[2.730s] INFO:colcon.colcon_core.shell:Creating environment descriptor '/home/jiaming/Documents/CUHKLRL/unitree_sdk2_dev/ros2_ws/install/robot/share/robot/hook/cmake_prefix_path.dsv'
[2.730s] INFO:colcon.colcon_core.shell:Creating environment hook '/home/jiaming/Documents/CUHKLRL/unitree_sdk2_dev/ros2_ws/install/robot/share/robot/hook/cmake_prefix_path.sh'
[2.730s] Level 1:colcon.colcon_core.environment:checking '/home/jiaming/Documents/CUHKLRL/unitree_sdk2_dev/ros2_ws/install/robot/lib'
[2.731s] Level 1:colcon.colcon_core.shell:create_environment_hook('robot', 'ld_library_path_lib')
[2.731s] INFO:colcon.colcon_core.shell:Creating environment hook '/home/jiaming/Documents/CUHKLRL/unitree_sdk2_dev/ros2_ws/install/robot/share/robot/hook/ld_library_path_lib.ps1'
[2.731s] INFO:colcon.colcon_core.shell:Creating environment descriptor '/home/jiaming/Documents/CUHKLRL/unitree_sdk2_dev/ros2_ws/install/robot/share/robot/hook/ld_library_path_lib.dsv'
[2.731s] INFO:colcon.colcon_core.shell:Creating environment hook '/home/jiaming/Documents/CUHKLRL/unitree_sdk2_dev/ros2_ws/install/robot/share/robot/hook/ld_library_path_lib.sh'
[2.731s] Level 1:colcon.colcon_core.environment:checking '/home/jiaming/Documents/CUHKLRL/unitree_sdk2_dev/ros2_ws/install/robot/bin'
[2.731s] Level 1:colcon.colcon_core.environment:checking '/home/jiaming/Documents/CUHKLRL/unitree_sdk2_dev/ros2_ws/install/robot/lib/pkgconfig/robot.pc'
[2.731s] Level 1:colcon.colcon_core.environment:checking '/home/jiaming/Documents/CUHKLRL/unitree_sdk2_dev/ros2_ws/install/robot/lib/python3.10/site-packages'
[2.732s] Level 1:colcon.colcon_core.environment:checking '/home/jiaming/Documents/CUHKLRL/unitree_sdk2_dev/ros2_ws/install/robot/bin'
[2.732s] INFO:colcon.colcon_core.shell:Creating package script '/home/jiaming/Documents/CUHKLRL/unitree_sdk2_dev/ros2_ws/install/robot/share/robot/package.ps1'
[2.732s] INFO:colcon.colcon_core.shell:Creating package descriptor '/home/jiaming/Documents/CUHKLRL/unitree_sdk2_dev/ros2_ws/install/robot/share/robot/package.dsv'
[2.732s] INFO:colcon.colcon_core.shell:Creating package script '/home/jiaming/Documents/CUHKLRL/unitree_sdk2_dev/ros2_ws/install/robot/share/robot/package.sh'
[2.733s] INFO:colcon.colcon_core.shell:Creating package script '/home/jiaming/Documents/CUHKLRL/unitree_sdk2_dev/ros2_ws/install/robot/share/robot/package.bash'
[2.733s] INFO:colcon.colcon_core.shell:Creating package script '/home/jiaming/Documents/CUHKLRL/unitree_sdk2_dev/ros2_ws/install/robot/share/robot/package.zsh'
[2.733s] Level 1:colcon.colcon_core.environment:create_file_with_runtime_dependencies(/home/jiaming/Documents/CUHKLRL/unitree_sdk2_dev/ros2_ws/install/robot/share/colcon-core/packages/robot)
[2.734s] Level 1:colcon.colcon_core.environment:create_environment_scripts_only(robot)
[2.734s] Level 1:colcon.colcon_core.environment:checking '/home/jiaming/Documents/CUHKLRL/unitree_sdk2_dev/ros2_ws/install/robot' for CMake module files
[2.734s] Level 1:colcon.colcon_core.environment:checking '/home/jiaming/Documents/CUHKLRL/unitree_sdk2_dev/ros2_ws/install/robot' for CMake config files
[2.734s] Level 1:colcon.colcon_core.shell:create_environment_hook('robot', 'cmake_prefix_path')
[2.735s] INFO:colcon.colcon_core.shell:Creating environment hook '/home/jiaming/Documents/CUHKLRL/unitree_sdk2_dev/ros2_ws/install/robot/share/robot/hook/cmake_prefix_path.ps1'
[2.735s] INFO:colcon.colcon_core.shell:Creating environment descriptor '/home/jiaming/Documents/CUHKLRL/unitree_sdk2_dev/ros2_ws/install/robot/share/robot/hook/cmake_prefix_path.dsv'
[2.735s] INFO:colcon.colcon_core.shell:Creating environment hook '/home/jiaming/Documents/CUHKLRL/unitree_sdk2_dev/ros2_ws/install/robot/share/robot/hook/cmake_prefix_path.sh'
[2.735s] Level 1:colcon.colcon_core.environment:checking '/home/jiaming/Documents/CUHKLRL/unitree_sdk2_dev/ros2_ws/install/robot/lib'
[2.735s] Level 1:colcon.colcon_core.shell:create_environment_hook('robot', 'ld_library_path_lib')
[2.735s] INFO:colcon.colcon_core.shell:Creating environment hook '/home/jiaming/Documents/CUHKLRL/unitree_sdk2_dev/ros2_ws/install/robot/share/robot/hook/ld_library_path_lib.ps1'
[2.736s] INFO:colcon.colcon_core.shell:Creating environment descriptor '/home/jiaming/Documents/CUHKLRL/unitree_sdk2_dev/ros2_ws/install/robot/share/robot/hook/ld_library_path_lib.dsv'
[2.736s] INFO:colcon.colcon_core.shell:Creating environment hook '/home/jiaming/Documents/CUHKLRL/unitree_sdk2_dev/ros2_ws/install/robot/share/robot/hook/ld_library_path_lib.sh'
[2.736s] Level 1:colcon.colcon_core.environment:checking '/home/jiaming/Documents/CUHKLRL/unitree_sdk2_dev/ros2_ws/install/robot/bin'
[2.736s] Level 1:colcon.colcon_core.environment:checking '/home/jiaming/Documents/CUHKLRL/unitree_sdk2_dev/ros2_ws/install/robot/lib/pkgconfig/robot.pc'
[2.736s] Level 1:colcon.colcon_core.environment:checking '/home/jiaming/Documents/CUHKLRL/unitree_sdk2_dev/ros2_ws/install/robot/lib/python3.10/site-packages'
[2.736s] Level 1:colcon.colcon_core.environment:checking '/home/jiaming/Documents/CUHKLRL/unitree_sdk2_dev/ros2_ws/install/robot/bin'
[2.737s] INFO:colcon.colcon_core.shell:Creating package script '/home/jiaming/Documents/CUHKLRL/unitree_sdk2_dev/ros2_ws/install/robot/share/robot/package.ps1'
[2.737s] INFO:colcon.colcon_core.shell:Creating package descriptor '/home/jiaming/Documents/CUHKLRL/unitree_sdk2_dev/ros2_ws/install/robot/share/robot/package.dsv'
[2.737s] INFO:colcon.colcon_core.shell:Creating package script '/home/jiaming/Documents/CUHKLRL/unitree_sdk2_dev/ros2_ws/install/robot/share/robot/package.sh'
[2.738s] INFO:colcon.colcon_core.shell:Creating package script '/home/jiaming/Documents/CUHKLRL/unitree_sdk2_dev/ros2_ws/install/robot/share/robot/package.bash'
[2.738s] INFO:colcon.colcon_core.shell:Creating package script '/home/jiaming/Documents/CUHKLRL/unitree_sdk2_dev/ros2_ws/install/robot/share/robot/package.zsh'
[2.738s] Level 1:colcon.colcon_core.environment:create_file_with_runtime_dependencies(/home/jiaming/Documents/CUHKLRL/unitree_sdk2_dev/ros2_ws/install/robot/share/colcon-core/packages/robot)
[2.738s] DEBUG:colcon.colcon_parallel_executor.executor.parallel:closing loop
[2.738s] DEBUG:colcon.colcon_parallel_executor.executor.parallel:loop closed
[2.738s] DEBUG:colcon.colcon_parallel_executor.executor.parallel:run_until_complete finished with '0'
[2.738s] DEBUG:colcon.colcon_core.event_reactor:joining thread
[2.742s] INFO:colcon.colcon_core.plugin_system:Skipping extension 'colcon_notification.desktop_notification.terminal_notifier': Not used on non-Darwin systems
[2.742s] INFO:colcon.colcon_core.plugin_system:Skipping extension 'colcon_notification.desktop_notification.win32': Not used on non-Windows systems
[2.742s] INFO:colcon.colcon_notification.desktop_notification:Sending desktop notification using 'notify2'
[2.751s] DEBUG:colcon.colcon_core.event_reactor:joined thread
[2.752s] INFO:colcon.colcon_core.shell:Creating prefix script '/home/jiaming/Documents/CUHKLRL/unitree_sdk2_dev/ros2_ws/install/local_setup.ps1'
[2.752s] INFO:colcon.colcon_core.shell:Creating prefix util module '/home/jiaming/Documents/CUHKLRL/unitree_sdk2_dev/ros2_ws/install/_local_setup_util_ps1.py'
[2.753s] INFO:colcon.colcon_core.shell:Creating prefix chain script '/home/jiaming/Documents/CUHKLRL/unitree_sdk2_dev/ros2_ws/install/setup.ps1'
[2.753s] INFO:colcon.colcon_core.shell:Creating prefix script '/home/jiaming/Documents/CUHKLRL/unitree_sdk2_dev/ros2_ws/install/local_setup.sh'
[2.754s] INFO:colcon.colcon_core.shell:Creating prefix util module '/home/jiaming/Documents/CUHKLRL/unitree_sdk2_dev/ros2_ws/install/_local_setup_util_sh.py'
[2.754s] INFO:colcon.colcon_core.shell:Creating prefix chain script '/home/jiaming/Documents/CUHKLRL/unitree_sdk2_dev/ros2_ws/install/setup.sh'
[2.755s] INFO:colcon.colcon_core.shell:Creating prefix script '/home/jiaming/Documents/CUHKLRL/unitree_sdk2_dev/ros2_ws/install/local_setup.bash'
[2.755s] INFO:colcon.colcon_core.shell:Creating prefix chain script '/home/jiaming/Documents/CUHKLRL/unitree_sdk2_dev/ros2_ws/install/setup.bash'
[2.755s] INFO:colcon.colcon_core.shell:Creating prefix script '/home/jiaming/Documents/CUHKLRL/unitree_sdk2_dev/ros2_ws/install/local_setup.zsh'
[2.756s] INFO:colcon.colcon_core.shell:Creating prefix chain script '/home/jiaming/Documents/CUHKLRL/unitree_sdk2_dev/ros2_ws/install/setup.zsh'
